{
  "mounts": [
    {
      "device": "10.0.0.2:/files",
      "mount": "/srv/nfs/files",
      "export": "/files",
      "options": {
        "rw": "",
        "noatime": "",
        "vers": "3",
        "rsize": "1048576",
        "wsize": "1048576",
        "namlen": "255",
        "acregmin": "600",
        "acregmax": "600",
        "acdirmin": "600",
        "acdirmax": "600",
        "hard": "",
        "nocto": "",
        "proto": "tcp",
        "nconnect": "16",
        "timeo": "600",
        "retrans": "2",
        "sec": "sys",
        "mountaddr": "10.0.0.2",
        "mountvers": "3",
        "mountport": "20048",
        "mountproto": "tcp",
        "fsc": "",
        "local_lock": "none",
        "addr": "10.0.0.2"
      },
      "stats": {
        "age": "1h17m46s",
        "bytes": {
          "normalRead": 645920194560,
          "normalWrite": 548800561152,
          "directRead": 0,
          "directWrite": 0,
          "serverRead": 294205259776,
          "serverWrite": 548336463872,
          "readPages": 71827456,
          "writePages": 133996753
        },
        "events": {
          "inodeRevalidate": 2660,
          "dnodeRevalidate": 108546,
          "dataInvalidate": 11,
          "attributeInvalidate": 23,
          "vfsOpen": 2619,
          "vfsLookup": 3482,
          "vfsAccess": 212467,
          "vfsUpdatePage": 133984512,
          "vfsReadPage": 3,
          "vfsReadPages": 85485,
          "vfsWritePage": 0,
          "vfsWritePages": 523491,
          "vfsGetdents": 534,
          "vfsSetattr": 701,
          "vfsFlush": 2576,
          "vfsFsync": 522837,
          "vfsLock": 0,
          "vfsFileRelease": 2576,
          "truncation": 658,
          "writeExtension": 133984512,
          "sillyRename": 0,
          "shortRead": 0,
          "shortWrite": 125,
          "delay": 0,
          "pnfsRead": 0,
          "pnfsWrite": 0
        },
        "operations": [
          {
            "operation": "NULL",
            "requests": 1,
            "transmissions": 1,
            "retries": 0,
            "majorTimeouts": 0,
            "bytesSent": 44,
            "bytesReceived": 24,
            "queueMilliseconds": 0,
            "rttMilliseconds": 0,
            "executionMilliseconds": 0,
            "errors": 0
          },
          {
            "operation": "GETATTR",
            "requests": 2671,
            "transmissions": 2671,
            "retries": 0,
            "majorTimeouts": 0,
            "bytesSent": 404568,
            "bytesReceived": 299152,
            "queueMilliseconds": 10,
            "rttMilliseconds": 10695,
            "executionMilliseconds": 10749,
            "errors": 0
          },
          {
            "operation": "SETATTR",
            "requests": 1874,
            "transmissions": 1874,
            "retries": 0,
            "majorTimeouts": 0,
            "bytesSent": 333552,
            "bytesReceived": 269856,
            "queueMilliseconds": 7,
            "rttMilliseconds": 109102,
            "executionMilliseconds": 109152,
            "errors": 0
          },
          {
            "operation": "LOOKUP",
            "requests": 3482,
            "transmissions": 3482,
            "retries": 0,
            "majorTimeouts": 0,
            "bytesSent": 610456,
            "bytesReceived": 493912,
            "queueMilliseconds": 17,
            "rttMilliseconds": 578,
            "executionMilliseconds": 649,
            "errors": 2732
          },
          {
            "operation": "ACCESS",
            "requests": 3118,
            "transmissions": 3118,
            "retries": 0,
            "majorTimeouts": 0,
            "bytesSent": 501736,
            "bytesReceived": 374160,
            "queueMilliseconds": 15,
            "rttMilliseconds": 20195,
            "executionMilliseconds": 20264,
            "errors": 0
          },
          {
            "operation": "READLINK",
            "requests": 0,
            "transmissions": 0,
            "retries": 0,
            "majorTimeouts": 0,
            "bytesSent": 0,
            "bytesReceived": 0,
            "queueMilliseconds": 0,
            "rttMilliseconds": 0,
            "executionMilliseconds": 0,
            "errors": 0
          },
          {
            "operation": "READ",
            "requests": 280855,
            "transmissions": 280855,
            "retries": 0,
            "majorTimeouts": 0,
            "bytesSent": 34826020,
            "bytesReceived": 294241209216,
            "queueMilliseconds": 5012,
            "rttMilliseconds": 25958473,
            "executionMilliseconds": 25976197,
            "errors": 0
          },
          {
            "operation": "WRITE",
            "requests": 523595,
            "transmissions": 523595,
            "retries": 0,
            "majorTimeouts": 0,
            "bytesSent": 548978357708,
            "bytesReceived": 71200280,
            "queueMilliseconds": 18054,
            "rttMilliseconds": 7317521,
            "executionMilliseconds": 7343831,
            "errors": 540
          },
          {
            "operation": "CREATE",
            "requests": 1173,
            "transmissions": 1173,
            "retries": 0,
            "majorTimeouts": 0,
            "bytesSent": 228524,
            "bytesReceived": 314364,
            "queueMilliseconds": 4,
            "rttMilliseconds": 1636,
            "executionMilliseconds": 1660,
            "errors": 0
          },
          {
            "operation": "MKDIR",
            "requests": 1571,
            "transmissions": 1571,
            "retries": 0,
            "majorTimeouts": 0,
            "bytesSent": 331784,
            "bytesReceived": 420904,
            "queueMilliseconds": 4,
            "rttMilliseconds": 2186,
            "executionMilliseconds": 2216,
            "errors": 1
          },
          {
            "operation": "SYMLINK",
            "requests": 0,
            "transmissions": 0,
            "retries": 0,
            "majorTimeouts": 0,
            "bytesSent": 0,
            "bytesReceived": 0,
            "queueMilliseconds": 0,
            "rttMilliseconds": 0,
            "executionMilliseconds": 0,
            "errors": 0
          },
          {
            "operation": "MKNOD",
            "requests": 1,
            "transmissions": 1,
            "retries": 0,
            "majorTimeouts": 0,
            "bytesSent": 204,
            "bytesReceived": 268,
            "queueMilliseconds": 0,
            "rttMilliseconds": 2,
            "executionMilliseconds": 2,
            "errors": 0
          },
          {
            "operation": "REMOVE",
            "requests": 3177,
            "transmissions": 3177,
            "retries": 0,
            "majorTimeouts": 0,
            "bytesSent": 466812,
            "bytesReceived": 457488,
            "queueMilliseconds": 14,
            "rttMilliseconds": 24572,
            "executionMilliseconds": 24664,
            "errors": 0
          },
          {
            "operation": "RMDIR",
            "requests": 1569,
            "transmissions": 1569,
            "retries": 0,
            "majorTimeouts": 0,
            "bytesSent": 287416,
            "bytesReceived": 225936,
            "queueMilliseconds": 5,
            "rttMilliseconds": 2160,
            "executionMilliseconds": 2191,
            "errors": 0
          },
          {
            "operation": "RENAME",
            "requests": 3,
            "transmissions": 3,
            "retries": 0,
            "majorTimeouts": 0,
            "bytesSent": 636,
            "bytesReceived": 780,
            "queueMilliseconds": 0,
            "rttMilliseconds": 5,
            "executionMilliseconds": 5,
            "errors": 0
          },
          {
            "operation": "LINK",
            "requests": 2,
            "transmissions": 2,
            "retries": 0,
            "majorTimeouts": 0,
            "bytesSent": 408,
            "bytesReceived": 464,
            "queueMilliseconds": 0,
            "rttMilliseconds": 3,
            "executionMilliseconds": 3,
            "errors": 0
          },
          {
            "operation": "READDIR",
            "requests": 32,
            "transmissions": 32,
            "retries": 0,
            "majorTimeouts": 0,
            "bytesSent": 4800,
            "bytesReceived": 358960,
            "queueMilliseconds": 3,
            "rttMilliseconds": 22,
            "executionMilliseconds": 26,
            "errors": 0
          },
          {
            "operation": "READDIRPLUS",
            "requests": 35,
            "transmissions": 35,
            "retries": 0,
            "majorTimeouts": 0,
            "bytesSent": 5752,
            "bytesReceived": 636592,
            "queueMilliseconds": 2,
            "rttMilliseconds": 42,
            "executionMilliseconds": 45,
            "errors": 0
          },
          {
            "operation": "FSSTAT",
            "requests": 14,
            "transmissions": 14,
            "retries": 0,
            "majorTimeouts": 0,
            "bytesSent": 2016,
            "bytesReceived": 1176,
            "queueMilliseconds": 1,
            "rttMilliseconds": 7,
            "executionMilliseconds": 9,
            "errors": 0
          },
          {
            "operation": "FSINFO",
            "requests": 2,
            "transmissions": 2,
            "retries": 0,
            "majorTimeouts": 0,
            "bytesSent": 208,
            "bytesReceived": 160,
            "queueMilliseconds": 0,
            "rttMilliseconds": 1,
            "executionMilliseconds": 2,
            "errors": 0
          },
          {
            "operation": "PATHCONF",
            "requests": 1,
            "transmissions": 1,
            "retries": 0,
            "majorTimeouts": 0,
            "bytesSent": 104,
            "bytesReceived": 56,
            "queueMilliseconds": 0,
            "rttMilliseconds": 0,
            "executionMilliseconds": 0,
            "errors": 0
          },
          {
            "operation": "COMMIT",
            "requests": 100,
            "transmissions": 100,
            "retries": 0,
            "majorTimeouts": 0,
            "bytesSent": 12400,
            "bytesReceived": 12800,
            "queueMilliseconds": 1,
            "rttMilliseconds": 2585,
            "executionMilliseconds": 2587,
            "errors": 0
          }
        ]
      }
    }
  ]
}
