{
  "io": {
    "read": 294205259776,
    "write": 548336463872
  },
  "net": {
    "totalPackets": 0,
    "udpPackets": 0,
    "tcpPackets": 0,
    "tcpConnections": 0
  },
  "rpc": {
    "count": 406328,
    "authRefreshes": 16,
    "retransmissions": 406492
  },
  "proc3": {
    "NULL": 1,
    "GETATTR": 12118,
    "SETATTR": 5,
    "LOOKUP": 37474,
    "ACCESS": 1334,
    "READLINK": 0,
    "READ": 315999,
    "WRITE": 30402,
    "CREATE": 4,
    "MKDIR": 2,
    "SYMLINK": 0,
    "MKNOD": 0,
    "REMOVE": 2004,
    "RMDIR": 0,
    "RENAME": 23,
    "LINK": 0,
    "READDIR": 3481,
    "READDIRPLUS": 3468,
    "FSSTAT": 3,
    "FSINFO": 2,
    "PATHCONF": 1,
    "COMMIT": 0
  },
  "proc4": {
    "NULL": 1,
    "READ": 246913,
    "WRITE": 42310,
    "COMMIT": 77,
    "OPEN": 3,
    "OPEN_CONFIRM": 0,
    "OPEN_NOATTR": 662,
    "OPEN_DOWNGRADE": 0,
    "CLOSE": 663,
    "SETATTR": 4,
    "FSINFO": 3,
    "RENEW": 0,
    "SETCLIENTID": 0,
    "SETCLIENTID_CONFIRM": 0,
    "LOCK": 0,
    "LOCKT": 0,
    "LOCKU": 0,
    "ACCESS": 378,
    "GETATTR": 621,
    "LOOKUP": 243,
    "LOOKUP_ROOT": 1,
    "REMOVE": 2,
    "RENAME": 0,
    "LINK": 0,
    "SYMLINK": 0,
    "CREATE": 0,
    "PATHCONF": 2,
    "STATFS": 24,
    "READLINK": 0,
    "READDIR": 13,
    "SERVER_CAPS": 5,
    "DELEGRETURN": 576,
    "GETACL": 0,
    "SETACL": 0,
    "FS_LOCATIONS": 0,
    "RELEASE_LOCKOWNER": 0,
    "SECINFO": 0,
    "FSID_PRESENT": 0,
    "EXCHANGE_ID": 2,
    "CREATE_SESSION": 1,
    "DESTROY_SESSION": 0,
    "SEQUENCE": 51,
    "GET_LEASE_TIME": 0,
    "RECLAIM_COMPLETE": 1,
    "GETDEVICEINFO": 0,
    "LAYOUTGET": 0,
    "LAYOUTCOMMIT": 0,
    "LAYOUTRETURN": 0,
    "SECINFO_NO_NAME": 1,
    "TEST_STATEID": 0,
    "FREE_STATEID": 0,
    "GETDEVICELIST": 0,
    "BIND_CONN_TO_SESSION": 96,
    "DESTROY_CLIENTID": 0,
    "SEEK": 0,
    "ALLOCATE": 0,
    "DEALLOCATE": 0,
    "LAYOUTSTATS": 0,
    "CLONE": 0
  }
}
