{
  "threads": 512,
  "io": {
    "read": 645920194560,
    "write": 549282906112
  },
  "net": {
    "totalPackets": 2224734,
    "udpPackets": 0,
    "tcpPackets": 2224447,
    "tcpConnections": 281
  },
  "rpc": {
    "count": 2224454,
    "badTotal": 84,
    "badFormat": 84,
    "badAuth": 0
  },
  "proc3": {
    "NULL": 119,
    "GETATTR": 68418,
    "SETATTR": 681,
    "LOOKUP": 54223,
    "ACCESS": 6491,
    "READLINK": 0,
    "READ": 1546830,
    "WRITE": 523377,
    "CREATE": 1173,
    "MKDIR": 1571,
    "SYMLINK": 0,
    "MKNOD": 1,
    "REMOVE": 3177,
    "RMDIR": 1569,
    "RENAME": 3,
    "LINK": 2,
    "READDIR": 0,
    "READDIRPLUS": 43,
    "FSSTAT": 13,
    "FSINFO": 56,
    "PATHCONF": 28,
    "COMMIT": 0
  },
  "proc4": {
    "NULL": 1,
    "COMPOUND": 16487
  },
  "proc4ops": {
    "ACCESS": 5673,
    "CLOSE": 2040,
    "COMMIT": 0,
    "CREATE": 1427,
    "DELEGPURGE": 0,
    "DELEGRETURN": 0,
    "GETATTR": 13827,
    "GETFH": 5950,
    "LINK": 0,
    "LOCK": 0,
    "LOCKT": 0,
    "LOCKU": 0,
    "LOOKUP": 3708,
    "LOOKUPP": 0,
    "NVERIFY": 0,
    "OPEN": 2040,
    "OPENATTR": 0,
    "OPEN_CONFIRM": 0,
    "OPEN_DOWNGRADE": 0,
    "PUTFH": 16481,
    "PUTPUBFH": 0,
    "PUTROOTFH": 2,
    "READ": 0,
    "READDIR": 4,
    "READLINK": 0,
    "REMOVE": 2445,
    "RENAME": 0,
    "RENEW": 0,
    "RESTOREFH": 0,
    "SAVEFH": 0,
    "SECINFO": 0,
    "SETATTR": 0,
    "SETCLIENTID": 0,
    "SETCLIENTID_CONFIRM": 0,
    "VERIFY": 0,
    "WRITE": 1000,
    "RELEASE_LOCKOWNER": 0
  }
}
